{
  "response": "Sorry, I am currently experiencing a technical issue. Please try again later.",
  "has_results": true,
  "query": "pizza"
}